2018-10-10 15:49:18,430 __main__- INFO - ******************************开始获取网页************************************
